../Core/Src/main.c:92:5:main	8	static
../Core/Src/main.c:160:6:SystemClock_Config	88	static
../Core/Src/main.c:207:13:MX_TIM1_Init	96	static
../Core/Src/main.c:282:13:MX_TIM2_Init	48	static
../Core/Src/main.c:340:13:MX_USART2_UART_Init	8	static
../Core/Src/main.c:371:13:MX_DMA_Init	16	static
../Core/Src/main.c:389:13:MX_GPIO_Init	48	static
../Core/Src/main.c:419:7:IC_Calc_Period	32	static
../Core/Src/main.c:435:9:CheckMotorControlEnable	4	static
../Core/Src/main.c:469:6:Error_Handler	4	static,ignoring_inline_asm
